<?xml version="1.0" encoding="utf-8"?>
<TestRun id="d364252e-e404-4f4c-8f76-1b93a3b2594e" name="david@IDEAPAD_GAMING3 2025-11-18 19:24:52" runUser="IDEAPAD_GAMING3\david" xmlns="http://microsoft.com/schemas/VisualStudio/TeamTest/2010">
  <Times creation="2025-11-18T19:24:52.3987528+01:00" queuing="2025-11-18T19:24:52.3987533+01:00" start="2025-11-18T19:24:51.2725444+01:00" finish="2025-11-18T19:24:52.4391601+01:00" />
  <TestSettings name="default" id="5640a67a-5560-4072-bcc8-730a687821b9">
    <Deployment runDeploymentRoot="david_IDEAPAD_GAMING3_2025-11-18_19_24_52" />
  </TestSettings>
  <Results>
    <UnitTestResult executionId="e6a993bc-df17-4b70-bda0-725f569ed0c2" testId="5173d267-07b1-049b-e0c3-e63b11462752" testName="Tests.SurfaceTests.Surface_DifferentSizes_ShouldAllocateCorrectArray(width: 100, height: 1)" computerName="IDEAPAD_GAMING3" duration="00:00:00.0000132" startTime="2025-11-18T19:24:52.3541147+01:00" endTime="2025-11-18T19:24:52.3541147+01:00" testType="13cdc9d9-ddb5-4fa4-a97d-d965ccfc6d4b" outcome="Passed" testListId="8c84fa94-04c1-424b-9868-57a2d4851a1d" relativeResultsDirectory="e6a993bc-df17-4b70-bda0-725f569ed0c2" />
    <UnitTestResult executionId="5bdd6bf5-b3d8-4636-b273-259988ff2d15" testId="8baa6b74-d47c-0095-ba78-0f8d31580cc0" testName="Tests.CounterTests.Counter_MultipleIncreases_ShouldStayActive" computerName="IDEAPAD_GAMING3" duration="00:00:00.0001451" startTime="2025-11-18T19:24:52.3541369+01:00" endTime="2025-11-18T19:24:52.3541369+01:00" testType="13cdc9d9-ddb5-4fa4-a97d-d965ccfc6d4b" outcome="Passed" testListId="8c84fa94-04c1-424b-9868-57a2d4851a1d" relativeResultsDirectory="5bdd6bf5-b3d8-4636-b273-259988ff2d15" />
    <UnitTestResult executionId="c6da31cd-2033-4433-b39c-b1d378cf6f04" testId="997bb039-b71b-8d15-f10e-e0877eb9f2a2" testName="Tests.CounterTests.Counter_RAII_Pattern_ShouldWorkCorrectly" computerName="IDEAPAD_GAMING3" duration="00:00:00.0002026" startTime="2025-11-18T19:24:52.3531923+01:00" endTime="2025-11-18T19:24:52.3531924+01:00" testType="13cdc9d9-ddb5-4fa4-a97d-d965ccfc6d4b" outcome="Passed" testListId="8c84fa94-04c1-424b-9868-57a2d4851a1d" relativeResultsDirectory="c6da31cd-2033-4433-b39c-b1d378cf6f04" />
    <UnitTestResult executionId="a5202b37-4b69-4280-bfe1-a5de75d2296c" testId="4737743f-b4ec-4f0f-3a5b-135a62b37d01" testName="Tests.CoyoteTimeTests.CoyoteTime_CommonFramerates_ShouldMaintainReasonableWindow(framerate: 30)" computerName="IDEAPAD_GAMING3" duration="00:00:00.0001903" startTime="2025-11-18T19:24:52.3528304+01:00" endTime="2025-11-18T19:24:52.3528306+01:00" testType="13cdc9d9-ddb5-4fa4-a97d-d965ccfc6d4b" outcome="Passed" testListId="8c84fa94-04c1-424b-9868-57a2d4851a1d" relativeResultsDirectory="a5202b37-4b69-4280-bfe1-a5de75d2296c" />
    <UnitTestResult executionId="fcce637c-2052-47d5-8145-220f350b7b4d" testId="b9dcc5a5-2df1-32b2-c408-0f4431084347" testName="Tests.CounterTests.Counter_InitialState_ShouldBeInactive" computerName="IDEAPAD_GAMING3" duration="00:00:00.1648618" startTime="2025-11-18T19:24:52.3101114+01:00" endTime="2025-11-18T19:24:52.3101482+01:00" testType="13cdc9d9-ddb5-4fa4-a97d-d965ccfc6d4b" outcome="Passed" testListId="8c84fa94-04c1-424b-9868-57a2d4851a1d" relativeResultsDirectory="fcce637c-2052-47d5-8145-220f350b7b4d" />
    <UnitTestResult executionId="7a62c8ac-b8ed-406e-806e-1fab2a2f0167" testId="f42aba9b-7bec-053b-a4ed-307f5cd108c5" testName="Tests.SurfaceTests.Surface_DifferentSizes_ShouldAllocateCorrectArray(width: 1, height: 100)" computerName="IDEAPAD_GAMING3" duration="00:00:00.0002668" startTime="2025-11-18T19:24:52.3540554+01:00" endTime="2025-11-18T19:24:52.3540555+01:00" testType="13cdc9d9-ddb5-4fa4-a97d-d965ccfc6d4b" outcome="Passed" testListId="8c84fa94-04c1-424b-9868-57a2d4851a1d" relativeResultsDirectory="7a62c8ac-b8ed-406e-806e-1fab2a2f0167" />
    <UnitTestResult executionId="a6364491-ebe6-430b-8861-111aacaee65a" testId="d2eb1885-8664-7f9b-99c4-b651072d9a7e" testName="Tests.SurfaceTests.Surface_WithFakeData_ShouldStoreCorrectly" computerName="IDEAPAD_GAMING3" duration="00:00:00.0005462" startTime="2025-11-18T19:24:52.3543489+01:00" endTime="2025-11-18T19:24:52.3543490+01:00" testType="13cdc9d9-ddb5-4fa4-a97d-d965ccfc6d4b" outcome="Passed" testListId="8c84fa94-04c1-424b-9868-57a2d4851a1d" relativeResultsDirectory="a6364491-ebe6-430b-8861-111aacaee65a" />
    <UnitTestResult executionId="03722977-d5ee-4648-8ab4-e6e3672f0c8e" testId="b8b84fe5-64c6-906c-e1e8-9f0f3f049013" testName="Tests.CommonStatModifiersTests.CommonStatModifiers_Lerp_DifferentSteps_ShouldProduceCorrectResults(step: 1, expected: 2)" computerName="IDEAPAD_GAMING3" duration="00:00:00.1686226" startTime="2025-11-18T19:24:52.3155003+01:00" endTime="2025-11-18T19:24:52.3155004+01:00" testType="13cdc9d9-ddb5-4fa4-a97d-d965ccfc6d4b" outcome="Passed" testListId="8c84fa94-04c1-424b-9868-57a2d4851a1d" relativeResultsDirectory="03722977-d5ee-4648-8ab4-e6e3672f0c8e" />
    <UnitTestResult executionId="761ef664-d0e0-44f2-97e7-5d0cd29dee86" testId="dcc00863-5410-7280-cde1-5522ff2b485b" testName="Tests.CoyoteTimeTests.CoyoteTime_CommonFramerates_ShouldMaintainReasonableWindow(framerate: 60)" computerName="IDEAPAD_GAMING3" duration="00:00:00.0000086" startTime="2025-11-18T19:24:52.3529556+01:00" endTime="2025-11-18T19:24:52.3529557+01:00" testType="13cdc9d9-ddb5-4fa4-a97d-d965ccfc6d4b" outcome="Passed" testListId="8c84fa94-04c1-424b-9868-57a2d4851a1d" relativeResultsDirectory="761ef664-d0e0-44f2-97e7-5d0cd29dee86" />
    <UnitTestResult executionId="a831aa07-bd46-43a2-8678-4952c915c11f" testId="422ae13c-05df-d14e-f428-7ef7b3d950a3" testName="Tests.GameTimerConceptTests.GameTimer_ConceptualBehavior_TimeProgression(initial: 100, passed: 150, expected: 0)" computerName="IDEAPAD_GAMING3" duration="00:00:00.0003750" startTime="2025-11-18T19:24:52.3157631+01:00" endTime="2025-11-18T19:24:52.3157632+01:00" testType="13cdc9d9-ddb5-4fa4-a97d-d965ccfc6d4b" outcome="Passed" testListId="8c84fa94-04c1-424b-9868-57a2d4851a1d" relativeResultsDirectory="a831aa07-bd46-43a2-8678-4952c915c11f" />
    <UnitTestResult executionId="20e227a6-4bb8-474c-bff1-24dc98b196d4" testId="dc54538b-d921-6159-86f6-2446950fc101" testName="Tests.SurfaceTests.Surface_DifferentSizes_ShouldAllocateCorrectArray(width: 10, height: 10)" computerName="IDEAPAD_GAMING3" duration="00:00:00.0007616" startTime="2025-11-18T19:24:52.3531725+01:00" endTime="2025-11-18T19:24:52.3531726+01:00" testType="13cdc9d9-ddb5-4fa4-a97d-d965ccfc6d4b" outcome="Passed" testListId="8c84fa94-04c1-424b-9868-57a2d4851a1d" relativeResultsDirectory="20e227a6-4bb8-474c-bff1-24dc98b196d4" />
    <UnitTestResult executionId="570dc1b9-f3a9-4fcf-a458-df41e194ee2e" testId="d9dd5cb3-f329-676b-46a2-1ec589c8203c" testName="Tests.GameTimerConceptTests.FakeTimeProvider_ShouldTrackTime" computerName="IDEAPAD_GAMING3" duration="00:00:00.0005802" startTime="2025-11-18T19:24:52.3539810+01:00" endTime="2025-11-18T19:24:52.3539811+01:00" testType="13cdc9d9-ddb5-4fa4-a97d-d965ccfc6d4b" outcome="Passed" testListId="8c84fa94-04c1-424b-9868-57a2d4851a1d" relativeResultsDirectory="570dc1b9-f3a9-4fcf-a458-df41e194ee2e" />
    <UnitTestResult executionId="77ba5f36-274e-4ade-9b7e-e4e79525e583" testId="57bb2362-de5b-4457-d41e-91f1806a36b3" testName="Tests.CounterTests.Counter_AfterIncrease_ShouldBecomeActive" computerName="IDEAPAD_GAMING3" duration="00:00:00.0004906" startTime="2025-11-18T19:24:52.3529822+01:00" endTime="2025-11-18T19:24:52.3529822+01:00" testType="13cdc9d9-ddb5-4fa4-a97d-d965ccfc6d4b" outcome="Passed" testListId="8c84fa94-04c1-424b-9868-57a2d4851a1d" relativeResultsDirectory="77ba5f36-274e-4ade-9b7e-e4e79525e583" />
    <UnitTestResult executionId="edad46c2-2d19-435d-b832-39ebe7da5cac" testId="bec7387c-e145-bd1e-1e17-e0609a694c09" testName="Tests.CommonStatModifiersTests.CommonStatModifiers_Lerp_DifferentSteps_ShouldProduceCorrectResults(step: 0,5, expected: 1,5)" computerName="IDEAPAD_GAMING3" duration="00:00:00.0003067" startTime="2025-11-18T19:24:52.3504379+01:00" endTime="2025-11-18T19:24:52.3504379+01:00" testType="13cdc9d9-ddb5-4fa4-a97d-d965ccfc6d4b" outcome="Passed" testListId="8c84fa94-04c1-424b-9868-57a2d4851a1d" relativeResultsDirectory="edad46c2-2d19-435d-b832-39ebe7da5cac" />
    <UnitTestResult executionId="dcb5c4a4-7e50-4b17-a26a-ca8eb107d5c8" testId="b5325528-ac39-dd29-e40e-98b024782823" testName="Tests.CommonStatModifiersTests.CommonStatModifiers_Lerp_ShouldInterpolateCorrectly" computerName="IDEAPAD_GAMING3" duration="00:00:00.0001022" startTime="2025-11-18T19:24:52.3553578+01:00" endTime="2025-11-18T19:24:52.3553579+01:00" testType="13cdc9d9-ddb5-4fa4-a97d-d965ccfc6d4b" outcome="Passed" testListId="8c84fa94-04c1-424b-9868-57a2d4851a1d" relativeResultsDirectory="dcb5c4a4-7e50-4b17-a26a-ca8eb107d5c8" />
    <UnitTestResult executionId="6959d54f-5e7d-413e-95e8-105f0b4002e1" testId="9d2feeae-ff6b-4f12-5135-795cd1243b77" testName="Tests.SurfaceTests.Surface_Dispose_ShouldCleanup" computerName="IDEAPAD_GAMING3" duration="00:00:00.0003593" startTime="2025-11-18T19:24:52.3551255+01:00" endTime="2025-11-18T19:24:52.3551256+01:00" testType="13cdc9d9-ddb5-4fa4-a97d-d965ccfc6d4b" outcome="Passed" testListId="8c84fa94-04c1-424b-9868-57a2d4851a1d" relativeResultsDirectory="6959d54f-5e7d-413e-95e8-105f0b4002e1" />
    <UnitTestResult executionId="c1c8932a-61e4-4409-aef0-b5be545d9d13" testId="be33cef0-fafa-559c-0b27-572bc35a31c0" testName="Tests.CoyoteTimeTests.CoyoteTime_DurationValues_ShouldBeValid(duration: 5)" computerName="IDEAPAD_GAMING3" duration="00:00:00.0003072" startTime="2025-11-18T19:24:52.3157100+01:00" endTime="2025-11-18T19:24:52.3157101+01:00" testType="13cdc9d9-ddb5-4fa4-a97d-d965ccfc6d4b" outcome="Passed" testListId="8c84fa94-04c1-424b-9868-57a2d4851a1d" relativeResultsDirectory="c1c8932a-61e4-4409-aef0-b5be545d9d13" />
    <UnitTestResult executionId="05fb2795-24fb-4ee1-b29d-24a9df3bc254" testId="0f8cb0b0-ca27-9db0-bf82-f35192d2d6a8" testName="Tests.CoyoteTimeTests.CoyoteTime_DefaultSettings_ShouldBeReasonable" computerName="IDEAPAD_GAMING3" duration="00:00:00.0044691" startTime="2025-11-18T19:24:52.3555893+01:00" endTime="2025-11-18T19:24:52.3555894+01:00" testType="13cdc9d9-ddb5-4fa4-a97d-d965ccfc6d4b" outcome="Passed" testListId="8c84fa94-04c1-424b-9868-57a2d4851a1d" relativeResultsDirectory="05fb2795-24fb-4ee1-b29d-24a9df3bc254" />
    <UnitTestResult executionId="4475f109-3efd-4243-9f28-807dc24ee070" testId="e670aa98-ae70-a284-f1ea-9c3941ea6304" testName="Tests.GameTimerConceptTests.GameTimer_ConceptualBehavior_ValueDecreasesOverTime" computerName="IDEAPAD_GAMING3" duration="00:00:00.0000898" startTime="2025-11-18T19:24:52.3555346+01:00" endTime="2025-11-18T19:24:52.3555347+01:00" testType="13cdc9d9-ddb5-4fa4-a97d-d965ccfc6d4b" outcome="Passed" testListId="8c84fa94-04c1-424b-9868-57a2d4851a1d" relativeResultsDirectory="4475f109-3efd-4243-9f28-807dc24ee070" />
    <UnitTestResult executionId="865beabe-8967-416c-b5e9-1eef3e44fee9" testId="7458a0d3-eee8-e0bd-d56c-5f91bf8b69c4" testName="Tests.CommonStatModifiersTests.CommonStatModifiers_Lerp_DifferentSteps_ShouldProduceCorrectResults(step: 0, expected: 1)" computerName="IDEAPAD_GAMING3" duration="00:00:00.0000111" startTime="2025-11-18T19:24:52.3505273+01:00" endTime="2025-11-18T19:24:52.3505274+01:00" testType="13cdc9d9-ddb5-4fa4-a97d-d965ccfc6d4b" outcome="Passed" testListId="8c84fa94-04c1-424b-9868-57a2d4851a1d" relativeResultsDirectory="865beabe-8967-416c-b5e9-1eef3e44fee9" />
    <UnitTestResult executionId="fe5c0f13-d72a-4ce4-ae16-fca8fd8a96e3" testId="eab93e1f-43df-84a3-0a6e-2bf665ff16ef" testName="Tests.CoyoteTimeTests.CoyoteTime_DurationValues_ShouldBeValid(duration: 13)" computerName="IDEAPAD_GAMING3" duration="00:00:00.1649465" startTime="2025-11-18T19:24:52.3138645+01:00" endTime="2025-11-18T19:24:52.3138646+01:00" testType="13cdc9d9-ddb5-4fa4-a97d-d965ccfc6d4b" outcome="Passed" testListId="8c84fa94-04c1-424b-9868-57a2d4851a1d" relativeResultsDirectory="fe5c0f13-d72a-4ce4-ae16-fca8fd8a96e3" />
    <UnitTestResult executionId="979b098d-1a6b-4b1e-9daa-721c2db9b14f" testId="09652595-1b36-e978-57bc-1b2e0b22f843" testName="Tests.SurfaceTests.Surface_Constructor_ShouldInitializeCorrectly" computerName="IDEAPAD_GAMING3" duration="00:00:00.0003923" startTime="2025-11-18T19:24:52.3542776+01:00" endTime="2025-11-18T19:24:52.3542777+01:00" testType="13cdc9d9-ddb5-4fa4-a97d-d965ccfc6d4b" outcome="Passed" testListId="8c84fa94-04c1-424b-9868-57a2d4851a1d" relativeResultsDirectory="979b098d-1a6b-4b1e-9daa-721c2db9b14f" />
    <UnitTestResult executionId="3d6981a5-ac56-4f8a-84e0-bf4155677c0e" testId="2d5c85e5-fd47-511d-4f4d-76c94f554ee3" testName="Tests.CoyoteTimeTests.CoyoteTime_DurationValues_ShouldBeValid(duration: 20)" computerName="IDEAPAD_GAMING3" duration="00:00:00.0000111" startTime="2025-11-18T19:24:52.3158374+01:00" endTime="2025-11-18T19:24:52.3158375+01:00" testType="13cdc9d9-ddb5-4fa4-a97d-d965ccfc6d4b" outcome="Passed" testListId="8c84fa94-04c1-424b-9868-57a2d4851a1d" relativeResultsDirectory="3d6981a5-ac56-4f8a-84e0-bf4155677c0e" />
    <UnitTestResult executionId="0cb5b3b0-1e90-4520-87bc-7330efa7f421" testId="bc4f71db-3014-0d72-27d8-0672edcb77c5" testName="Tests.CoyoteTimeTests.CoyoteTime_DurationValues_ShouldBeValid(duration: 30)" computerName="IDEAPAD_GAMING3" duration="00:00:00.0000063" startTime="2025-11-18T19:24:52.3497130+01:00" endTime="2025-11-18T19:24:52.3497132+01:00" testType="13cdc9d9-ddb5-4fa4-a97d-d965ccfc6d4b" outcome="Passed" testListId="8c84fa94-04c1-424b-9868-57a2d4851a1d" relativeResultsDirectory="0cb5b3b0-1e90-4520-87bc-7330efa7f421" />
    <UnitTestResult executionId="3117e711-1966-4a78-9cee-ff1c47a25549" testId="fb79b029-1ec3-46aa-46cd-98336c46077c" testName="Tests.SurfaceTests.Surface_Index_ShouldCalculateCorrectly" computerName="IDEAPAD_GAMING3" duration="00:00:00.1666790" startTime="2025-11-18T19:24:52.3142591+01:00" endTime="2025-11-18T19:24:52.3142592+01:00" testType="13cdc9d9-ddb5-4fa4-a97d-d965ccfc6d4b" outcome="Passed" testListId="8c84fa94-04c1-424b-9868-57a2d4851a1d" relativeResultsDirectory="3117e711-1966-4a78-9cee-ff1c47a25549" />
    <UnitTestResult executionId="722de437-9f0f-407c-aa9f-7c94ea564e8c" testId="bb06827a-8e37-093e-31c9-63de732bc35a" testName="Tests.GameTimerConceptTests.GameTimer_ConceptualBehavior_TimeProgression(initial: 100, passed: 50, expected: 50)" computerName="IDEAPAD_GAMING3" duration="00:00:00.1662634" startTime="2025-11-18T19:24:52.3142388+01:00" endTime="2025-11-18T19:24:52.3142389+01:00" testType="13cdc9d9-ddb5-4fa4-a97d-d965ccfc6d4b" outcome="Passed" testListId="8c84fa94-04c1-424b-9868-57a2d4851a1d" relativeResultsDirectory="722de437-9f0f-407c-aa9f-7c94ea564e8c" />
    <UnitTestResult executionId="227a6243-7eeb-4fc7-a18f-ba688fba82d0" testId="350914a2-6cb3-0df6-0f83-8378623e8cf6" testName="Tests.CounterTests.Counter_AfterDispose_ShouldBecomeInactive" computerName="IDEAPAD_GAMING3" duration="00:00:00.0001237" startTime="2025-11-18T19:24:52.3533190+01:00" endTime="2025-11-18T19:24:52.3533191+01:00" testType="13cdc9d9-ddb5-4fa4-a97d-d965ccfc6d4b" outcome="Passed" testListId="8c84fa94-04c1-424b-9868-57a2d4851a1d" relativeResultsDirectory="227a6243-7eeb-4fc7-a18f-ba688fba82d0" />
    <UnitTestResult executionId="cb2bae4a-257a-4df7-979c-7507a68203f3" testId="6a4a8d18-4a73-85f9-864b-2fa3db0cb0a4" testName="Tests.SurfaceTests.Surface_Indexer_ShouldAccessCorrectElement" computerName="IDEAPAD_GAMING3" duration="00:00:00.0002359" startTime="2025-11-18T19:24:52.3544205+01:00" endTime="2025-11-18T19:24:52.3544206+01:00" testType="13cdc9d9-ddb5-4fa4-a97d-d965ccfc6d4b" outcome="Passed" testListId="8c84fa94-04c1-424b-9868-57a2d4851a1d" relativeResultsDirectory="cb2bae4a-257a-4df7-979c-7507a68203f3" />
    <UnitTestResult executionId="ca097d66-f51f-4276-a890-931f0c2add82" testId="32488ca5-f38f-ca4b-0289-1e2d6186f8ba" testName="Tests.CoyoteTimeTests.CoyoteTime_DefaultDuration_ShouldBeReasonable" computerName="IDEAPAD_GAMING3" duration="00:00:00.0001028" startTime="2025-11-18T19:24:52.3530994+01:00" endTime="2025-11-18T19:24:52.3530995+01:00" testType="13cdc9d9-ddb5-4fa4-a97d-d965ccfc6d4b" outcome="Passed" testListId="8c84fa94-04c1-424b-9868-57a2d4851a1d" relativeResultsDirectory="ca097d66-f51f-4276-a890-931f0c2add82" />
    <UnitTestResult executionId="8488737a-2fc0-44a0-b301-97686269a571" testId="c7932a21-d27b-beeb-93b5-5c0879e57824" testName="Tests.CommonStatModifiersTests.CommonStatModifiers_MultiplyOperator_ShouldScaleAllValues" computerName="IDEAPAD_GAMING3" duration="00:00:00.0001964" startTime="2025-11-18T19:24:52.3552786+01:00" endTime="2025-11-18T19:24:52.3552787+01:00" testType="13cdc9d9-ddb5-4fa4-a97d-d965ccfc6d4b" outcome="Passed" testListId="8c84fa94-04c1-424b-9868-57a2d4851a1d" relativeResultsDirectory="8488737a-2fc0-44a0-b301-97686269a571" />
    <UnitTestResult executionId="dcb4764e-e45d-4b3c-9861-f2294980cd21" testId="adb1befc-539f-ff62-ca4e-7665b6005451" testName="Tests.CommonStatModifiersTests.CommonStatModifiers_DefaultValues_ShouldBeOne" computerName="IDEAPAD_GAMING3" duration="00:00:00.0029091" startTime="2025-11-18T19:24:52.3551830+01:00" endTime="2025-11-18T19:24:52.3551831+01:00" testType="13cdc9d9-ddb5-4fa4-a97d-d965ccfc6d4b" outcome="Passed" testListId="8c84fa94-04c1-424b-9868-57a2d4851a1d" relativeResultsDirectory="dcb4764e-e45d-4b3c-9861-f2294980cd21" />
    <UnitTestResult executionId="6011f65b-1070-4987-bcf8-f104fab6ba42" testId="a8b1403b-37af-a9b2-7f98-d4e01fddbf07" testName="Tests.CoyoteTimeTests.CoyoteTime_CommonFramerates_ShouldMaintainReasonableWindow(framerate: 120)" computerName="IDEAPAD_GAMING3" duration="00:00:00.0001540" startTime="2025-11-18T19:24:52.3503448+01:00" endTime="2025-11-18T19:24:52.3503450+01:00" testType="13cdc9d9-ddb5-4fa4-a97d-d965ccfc6d4b" outcome="Passed" testListId="8c84fa94-04c1-424b-9868-57a2d4851a1d" relativeResultsDirectory="6011f65b-1070-4987-bcf8-f104fab6ba42" />
    <UnitTestResult executionId="0a4c86e3-392a-42e6-8622-b1a672c88d1f" testId="00ff4663-1c7f-9214-1417-9111f0b1f495" testName="Tests.GameTimerConceptTests.GameTimer_ConceptualBehavior_ProgressCalculation" computerName="IDEAPAD_GAMING3" duration="00:00:00.0031434" startTime="2025-11-18T19:24:52.3554506+01:00" endTime="2025-11-18T19:24:52.3554507+01:00" testType="13cdc9d9-ddb5-4fa4-a97d-d965ccfc6d4b" outcome="Passed" testListId="8c84fa94-04c1-424b-9868-57a2d4851a1d" relativeResultsDirectory="0a4c86e3-392a-42e6-8622-b1a672c88d1f" />
    <UnitTestResult executionId="d0207faf-3dee-488a-b773-942d3b06ec31" testId="6cbe210a-8e33-6c31-3e4d-45b3f1f78563" testName="Tests.GameTimerConceptTests.GameTimer_ConceptualBehavior_TimeProgression(initial: 100, passed: 100, expected: 0)" computerName="IDEAPAD_GAMING3" duration="00:00:00.0000119" startTime="2025-11-18T19:24:52.3500368+01:00" endTime="2025-11-18T19:24:52.3500370+01:00" testType="13cdc9d9-ddb5-4fa4-a97d-d965ccfc6d4b" outcome="Passed" testListId="8c84fa94-04c1-424b-9868-57a2d4851a1d" relativeResultsDirectory="d0207faf-3dee-488a-b773-942d3b06ec31" />
    <UnitTestResult executionId="fbd35026-dcd3-4136-b069-534cc9fa0b13" testId="28451cec-8fa3-c9d9-107a-4d347a86c9c3" testName="Tests.SurfaceTests.Surface_DifferentSizes_ShouldAllocateCorrectArray(width: 5, height: 5)" computerName="IDEAPAD_GAMING3" duration="00:00:00.0000103" startTime="2025-11-18T19:24:52.3542055+01:00" endTime="2025-11-18T19:24:52.3542056+01:00" testType="13cdc9d9-ddb5-4fa4-a97d-d965ccfc6d4b" outcome="Passed" testListId="8c84fa94-04c1-424b-9868-57a2d4851a1d" relativeResultsDirectory="fbd35026-dcd3-4136-b069-534cc9fa0b13" />
  </Results>
  <TestDefinitions>
    <UnitTest name="Tests.CounterTests.Counter_AfterIncrease_ShouldBecomeActive" storage="c:\users\david\documents\my games\terraria\tmodloader\modsources\terrariaoverhaul\tests\bin\debug\net8.0\tests.dll" id="57bb2362-de5b-4457-d41e-91f1806a36b3">
      <Execution id="77ba5f36-274e-4ade-9b7e-e4e79525e583" />
      <TestMethod codeBase="C:\Users\david\Documents\My Games\Terraria\tModLoader\ModSources\TerrariaOverhaul\Tests\bin\Debug\net8.0\Tests.dll" adapterTypeName="executor://xunit/VsTestRunner2/netcoreapp" className="Tests.CounterTests" name="Counter_AfterIncrease_ShouldBecomeActive" />
    </UnitTest>
    <UnitTest name="Tests.CounterTests.Counter_MultipleIncreases_ShouldStayActive" storage="c:\users\david\documents\my games\terraria\tmodloader\modsources\terrariaoverhaul\tests\bin\debug\net8.0\tests.dll" id="8baa6b74-d47c-0095-ba78-0f8d31580cc0">
      <Execution id="5bdd6bf5-b3d8-4636-b273-259988ff2d15" />
      <TestMethod codeBase="C:\Users\david\Documents\My Games\Terraria\tModLoader\ModSources\TerrariaOverhaul\Tests\bin\Debug\net8.0\Tests.dll" adapterTypeName="executor://xunit/VsTestRunner2/netcoreapp" className="Tests.CounterTests" name="Counter_MultipleIncreases_ShouldStayActive" />
    </UnitTest>
    <UnitTest name="Tests.SurfaceTests.Surface_DifferentSizes_ShouldAllocateCorrectArray(width: 10, height: 10)" storage="c:\users\david\documents\my games\terraria\tmodloader\modsources\terrariaoverhaul\tests\bin\debug\net8.0\tests.dll" id="dc54538b-d921-6159-86f6-2446950fc101">
      <Execution id="20e227a6-4bb8-474c-bff1-24dc98b196d4" />
      <TestMethod codeBase="C:\Users\david\Documents\My Games\Terraria\tModLoader\ModSources\TerrariaOverhaul\Tests\bin\Debug\net8.0\Tests.dll" adapterTypeName="executor://xunit/VsTestRunner2/netcoreapp" className="Tests.SurfaceTests" name="Surface_DifferentSizes_ShouldAllocateCorrectArray" />
    </UnitTest>
    <UnitTest name="Tests.CoyoteTimeTests.CoyoteTime_DurationValues_ShouldBeValid(duration: 13)" storage="c:\users\david\documents\my games\terraria\tmodloader\modsources\terrariaoverhaul\tests\bin\debug\net8.0\tests.dll" id="eab93e1f-43df-84a3-0a6e-2bf665ff16ef">
      <Execution id="fe5c0f13-d72a-4ce4-ae16-fca8fd8a96e3" />
      <TestMethod codeBase="C:\Users\david\Documents\My Games\Terraria\tModLoader\ModSources\TerrariaOverhaul\Tests\bin\Debug\net8.0\Tests.dll" adapterTypeName="executor://xunit/VsTestRunner2/netcoreapp" className="Tests.CoyoteTimeTests" name="CoyoteTime_DurationValues_ShouldBeValid" />
    </UnitTest>
    <UnitTest name="Tests.CommonStatModifiersTests.CommonStatModifiers_MultiplyOperator_ShouldScaleAllValues" storage="c:\users\david\documents\my games\terraria\tmodloader\modsources\terrariaoverhaul\tests\bin\debug\net8.0\tests.dll" id="c7932a21-d27b-beeb-93b5-5c0879e57824">
      <Execution id="8488737a-2fc0-44a0-b301-97686269a571" />
      <TestMethod codeBase="C:\Users\david\Documents\My Games\Terraria\tModLoader\ModSources\TerrariaOverhaul\Tests\bin\Debug\net8.0\Tests.dll" adapterTypeName="executor://xunit/VsTestRunner2/netcoreapp" className="Tests.CommonStatModifiersTests" name="CommonStatModifiers_MultiplyOperator_ShouldScaleAllValues" />
    </UnitTest>
    <UnitTest name="Tests.SurfaceTests.Surface_Dispose_ShouldCleanup" storage="c:\users\david\documents\my games\terraria\tmodloader\modsources\terrariaoverhaul\tests\bin\debug\net8.0\tests.dll" id="9d2feeae-ff6b-4f12-5135-795cd1243b77">
      <Execution id="6959d54f-5e7d-413e-95e8-105f0b4002e1" />
      <TestMethod codeBase="C:\Users\david\Documents\My Games\Terraria\tModLoader\ModSources\TerrariaOverhaul\Tests\bin\Debug\net8.0\Tests.dll" adapterTypeName="executor://xunit/VsTestRunner2/netcoreapp" className="Tests.SurfaceTests" name="Surface_Dispose_ShouldCleanup" />
    </UnitTest>
    <UnitTest name="Tests.CoyoteTimeTests.CoyoteTime_CommonFramerates_ShouldMaintainReasonableWindow(framerate: 60)" storage="c:\users\david\documents\my games\terraria\tmodloader\modsources\terrariaoverhaul\tests\bin\debug\net8.0\tests.dll" id="dcc00863-5410-7280-cde1-5522ff2b485b">
      <Execution id="761ef664-d0e0-44f2-97e7-5d0cd29dee86" />
      <TestMethod codeBase="C:\Users\david\Documents\My Games\Terraria\tModLoader\ModSources\TerrariaOverhaul\Tests\bin\Debug\net8.0\Tests.dll" adapterTypeName="executor://xunit/VsTestRunner2/netcoreapp" className="Tests.CoyoteTimeTests" name="CoyoteTime_CommonFramerates_ShouldMaintainReasonableWindow" />
    </UnitTest>
    <UnitTest name="Tests.SurfaceTests.Surface_WithFakeData_ShouldStoreCorrectly" storage="c:\users\david\documents\my games\terraria\tmodloader\modsources\terrariaoverhaul\tests\bin\debug\net8.0\tests.dll" id="d2eb1885-8664-7f9b-99c4-b651072d9a7e">
      <Execution id="a6364491-ebe6-430b-8861-111aacaee65a" />
      <TestMethod codeBase="C:\Users\david\Documents\My Games\Terraria\tModLoader\ModSources\TerrariaOverhaul\Tests\bin\Debug\net8.0\Tests.dll" adapterTypeName="executor://xunit/VsTestRunner2/netcoreapp" className="Tests.SurfaceTests" name="Surface_WithFakeData_ShouldStoreCorrectly" />
    </UnitTest>
    <UnitTest name="Tests.SurfaceTests.Surface_DifferentSizes_ShouldAllocateCorrectArray(width: 5, height: 5)" storage="c:\users\david\documents\my games\terraria\tmodloader\modsources\terrariaoverhaul\tests\bin\debug\net8.0\tests.dll" id="28451cec-8fa3-c9d9-107a-4d347a86c9c3">
      <Execution id="fbd35026-dcd3-4136-b069-534cc9fa0b13" />
      <TestMethod codeBase="C:\Users\david\Documents\My Games\Terraria\tModLoader\ModSources\TerrariaOverhaul\Tests\bin\Debug\net8.0\Tests.dll" adapterTypeName="executor://xunit/VsTestRunner2/netcoreapp" className="Tests.SurfaceTests" name="Surface_DifferentSizes_ShouldAllocateCorrectArray" />
    </UnitTest>
    <UnitTest name="Tests.CommonStatModifiersTests.CommonStatModifiers_Lerp_ShouldInterpolateCorrectly" storage="c:\users\david\documents\my games\terraria\tmodloader\modsources\terrariaoverhaul\tests\bin\debug\net8.0\tests.dll" id="b5325528-ac39-dd29-e40e-98b024782823">
      <Execution id="dcb5c4a4-7e50-4b17-a26a-ca8eb107d5c8" />
      <TestMethod codeBase="C:\Users\david\Documents\My Games\Terraria\tModLoader\ModSources\TerrariaOverhaul\Tests\bin\Debug\net8.0\Tests.dll" adapterTypeName="executor://xunit/VsTestRunner2/netcoreapp" className="Tests.CommonStatModifiersTests" name="CommonStatModifiers_Lerp_ShouldInterpolateCorrectly" />
    </UnitTest>
    <UnitTest name="Tests.CommonStatModifiersTests.CommonStatModifiers_Lerp_DifferentSteps_ShouldProduceCorrectResults(step: 0, expected: 1)" storage="c:\users\david\documents\my games\terraria\tmodloader\modsources\terrariaoverhaul\tests\bin\debug\net8.0\tests.dll" id="7458a0d3-eee8-e0bd-d56c-5f91bf8b69c4">
      <Execution id="865beabe-8967-416c-b5e9-1eef3e44fee9" />
      <TestMethod codeBase="C:\Users\david\Documents\My Games\Terraria\tModLoader\ModSources\TerrariaOverhaul\Tests\bin\Debug\net8.0\Tests.dll" adapterTypeName="executor://xunit/VsTestRunner2/netcoreapp" className="Tests.CommonStatModifiersTests" name="CommonStatModifiers_Lerp_DifferentSteps_ShouldProduceCorrectResults" />
    </UnitTest>
    <UnitTest name="Tests.CoyoteTimeTests.CoyoteTime_DefaultSettings_ShouldBeReasonable" storage="c:\users\david\documents\my games\terraria\tmodloader\modsources\terrariaoverhaul\tests\bin\debug\net8.0\tests.dll" id="0f8cb0b0-ca27-9db0-bf82-f35192d2d6a8">
      <Execution id="05fb2795-24fb-4ee1-b29d-24a9df3bc254" />
      <TestMethod codeBase="C:\Users\david\Documents\My Games\Terraria\tModLoader\ModSources\TerrariaOverhaul\Tests\bin\Debug\net8.0\Tests.dll" adapterTypeName="executor://xunit/VsTestRunner2/netcoreapp" className="Tests.CoyoteTimeTests" name="CoyoteTime_DefaultSettings_ShouldBeReasonable" />
    </UnitTest>
    <UnitTest name="Tests.GameTimerConceptTests.GameTimer_ConceptualBehavior_TimeProgression(initial: 100, passed: 100, expected: 0)" storage="c:\users\david\documents\my games\terraria\tmodloader\modsources\terrariaoverhaul\tests\bin\debug\net8.0\tests.dll" id="6cbe210a-8e33-6c31-3e4d-45b3f1f78563">
      <Execution id="d0207faf-3dee-488a-b773-942d3b06ec31" />
      <TestMethod codeBase="C:\Users\david\Documents\My Games\Terraria\tModLoader\ModSources\TerrariaOverhaul\Tests\bin\Debug\net8.0\Tests.dll" adapterTypeName="executor://xunit/VsTestRunner2/netcoreapp" className="Tests.GameTimerConceptTests" name="GameTimer_ConceptualBehavior_TimeProgression" />
    </UnitTest>
    <UnitTest name="Tests.CommonStatModifiersTests.CommonStatModifiers_Lerp_DifferentSteps_ShouldProduceCorrectResults(step: 1, expected: 2)" storage="c:\users\david\documents\my games\terraria\tmodloader\modsources\terrariaoverhaul\tests\bin\debug\net8.0\tests.dll" id="b8b84fe5-64c6-906c-e1e8-9f0f3f049013">
      <Execution id="03722977-d5ee-4648-8ab4-e6e3672f0c8e" />
      <TestMethod codeBase="C:\Users\david\Documents\My Games\Terraria\tModLoader\ModSources\TerrariaOverhaul\Tests\bin\Debug\net8.0\Tests.dll" adapterTypeName="executor://xunit/VsTestRunner2/netcoreapp" className="Tests.CommonStatModifiersTests" name="CommonStatModifiers_Lerp_DifferentSteps_ShouldProduceCorrectResults" />
    </UnitTest>
    <UnitTest name="Tests.GameTimerConceptTests.FakeTimeProvider_ShouldTrackTime" storage="c:\users\david\documents\my games\terraria\tmodloader\modsources\terrariaoverhaul\tests\bin\debug\net8.0\tests.dll" id="d9dd5cb3-f329-676b-46a2-1ec589c8203c">
      <Execution id="570dc1b9-f3a9-4fcf-a458-df41e194ee2e" />
      <TestMethod codeBase="C:\Users\david\Documents\My Games\Terraria\tModLoader\ModSources\TerrariaOverhaul\Tests\bin\Debug\net8.0\Tests.dll" adapterTypeName="executor://xunit/VsTestRunner2/netcoreapp" className="Tests.GameTimerConceptTests" name="FakeTimeProvider_ShouldTrackTime" />
    </UnitTest>
    <UnitTest name="Tests.CounterTests.Counter_AfterDispose_ShouldBecomeInactive" storage="c:\users\david\documents\my games\terraria\tmodloader\modsources\terrariaoverhaul\tests\bin\debug\net8.0\tests.dll" id="350914a2-6cb3-0df6-0f83-8378623e8cf6">
      <Execution id="227a6243-7eeb-4fc7-a18f-ba688fba82d0" />
      <TestMethod codeBase="C:\Users\david\Documents\My Games\Terraria\tModLoader\ModSources\TerrariaOverhaul\Tests\bin\Debug\net8.0\Tests.dll" adapterTypeName="executor://xunit/VsTestRunner2/netcoreapp" className="Tests.CounterTests" name="Counter_AfterDispose_ShouldBecomeInactive" />
    </UnitTest>
    <UnitTest name="Tests.CoyoteTimeTests.CoyoteTime_DurationValues_ShouldBeValid(duration: 20)" storage="c:\users\david\documents\my games\terraria\tmodloader\modsources\terrariaoverhaul\tests\bin\debug\net8.0\tests.dll" id="2d5c85e5-fd47-511d-4f4d-76c94f554ee3">
      <Execution id="3d6981a5-ac56-4f8a-84e0-bf4155677c0e" />
      <TestMethod codeBase="C:\Users\david\Documents\My Games\Terraria\tModLoader\ModSources\TerrariaOverhaul\Tests\bin\Debug\net8.0\Tests.dll" adapterTypeName="executor://xunit/VsTestRunner2/netcoreapp" className="Tests.CoyoteTimeTests" name="CoyoteTime_DurationValues_ShouldBeValid" />
    </UnitTest>
    <UnitTest name="Tests.CoyoteTimeTests.CoyoteTime_CommonFramerates_ShouldMaintainReasonableWindow(framerate: 120)" storage="c:\users\david\documents\my games\terraria\tmodloader\modsources\terrariaoverhaul\tests\bin\debug\net8.0\tests.dll" id="a8b1403b-37af-a9b2-7f98-d4e01fddbf07">
      <Execution id="6011f65b-1070-4987-bcf8-f104fab6ba42" />
      <TestMethod codeBase="C:\Users\david\Documents\My Games\Terraria\tModLoader\ModSources\TerrariaOverhaul\Tests\bin\Debug\net8.0\Tests.dll" adapterTypeName="executor://xunit/VsTestRunner2/netcoreapp" className="Tests.CoyoteTimeTests" name="CoyoteTime_CommonFramerates_ShouldMaintainReasonableWindow" />
    </UnitTest>
    <UnitTest name="Tests.GameTimerConceptTests.GameTimer_ConceptualBehavior_ValueDecreasesOverTime" storage="c:\users\david\documents\my games\terraria\tmodloader\modsources\terrariaoverhaul\tests\bin\debug\net8.0\tests.dll" id="e670aa98-ae70-a284-f1ea-9c3941ea6304">
      <Execution id="4475f109-3efd-4243-9f28-807dc24ee070" />
      <TestMethod codeBase="C:\Users\david\Documents\My Games\Terraria\tModLoader\ModSources\TerrariaOverhaul\Tests\bin\Debug\net8.0\Tests.dll" adapterTypeName="executor://xunit/VsTestRunner2/netcoreapp" className="Tests.GameTimerConceptTests" name="GameTimer_ConceptualBehavior_ValueDecreasesOverTime" />
    </UnitTest>
    <UnitTest name="Tests.CoyoteTimeTests.CoyoteTime_DefaultDuration_ShouldBeReasonable" storage="c:\users\david\documents\my games\terraria\tmodloader\modsources\terrariaoverhaul\tests\bin\debug\net8.0\tests.dll" id="32488ca5-f38f-ca4b-0289-1e2d6186f8ba">
      <Execution id="ca097d66-f51f-4276-a890-931f0c2add82" />
      <TestMethod codeBase="C:\Users\david\Documents\My Games\Terraria\tModLoader\ModSources\TerrariaOverhaul\Tests\bin\Debug\net8.0\Tests.dll" adapterTypeName="executor://xunit/VsTestRunner2/netcoreapp" className="Tests.CoyoteTimeTests" name="CoyoteTime_DefaultDuration_ShouldBeReasonable" />
    </UnitTest>
    <UnitTest name="Tests.CoyoteTimeTests.CoyoteTime_DurationValues_ShouldBeValid(duration: 5)" storage="c:\users\david\documents\my games\terraria\tmodloader\modsources\terrariaoverhaul\tests\bin\debug\net8.0\tests.dll" id="be33cef0-fafa-559c-0b27-572bc35a31c0">
      <Execution id="c1c8932a-61e4-4409-aef0-b5be545d9d13" />
      <TestMethod codeBase="C:\Users\david\Documents\My Games\Terraria\tModLoader\ModSources\TerrariaOverhaul\Tests\bin\Debug\net8.0\Tests.dll" adapterTypeName="executor://xunit/VsTestRunner2/netcoreapp" className="Tests.CoyoteTimeTests" name="CoyoteTime_DurationValues_ShouldBeValid" />
    </UnitTest>
    <UnitTest name="Tests.CoyoteTimeTests.CoyoteTime_CommonFramerates_ShouldMaintainReasonableWindow(framerate: 30)" storage="c:\users\david\documents\my games\terraria\tmodloader\modsources\terrariaoverhaul\tests\bin\debug\net8.0\tests.dll" id="4737743f-b4ec-4f0f-3a5b-135a62b37d01">
      <Execution id="a5202b37-4b69-4280-bfe1-a5de75d2296c" />
      <TestMethod codeBase="C:\Users\david\Documents\My Games\Terraria\tModLoader\ModSources\TerrariaOverhaul\Tests\bin\Debug\net8.0\Tests.dll" adapterTypeName="executor://xunit/VsTestRunner2/netcoreapp" className="Tests.CoyoteTimeTests" name="CoyoteTime_CommonFramerates_ShouldMaintainReasonableWindow" />
    </UnitTest>
    <UnitTest name="Tests.SurfaceTests.Surface_Constructor_ShouldInitializeCorrectly" storage="c:\users\david\documents\my games\terraria\tmodloader\modsources\terrariaoverhaul\tests\bin\debug\net8.0\tests.dll" id="09652595-1b36-e978-57bc-1b2e0b22f843">
      <Execution id="979b098d-1a6b-4b1e-9daa-721c2db9b14f" />
      <TestMethod codeBase="C:\Users\david\Documents\My Games\Terraria\tModLoader\ModSources\TerrariaOverhaul\Tests\bin\Debug\net8.0\Tests.dll" adapterTypeName="executor://xunit/VsTestRunner2/netcoreapp" className="Tests.SurfaceTests" name="Surface_Constructor_ShouldInitializeCorrectly" />
    </UnitTest>
    <UnitTest name="Tests.CounterTests.Counter_InitialState_ShouldBeInactive" storage="c:\users\david\documents\my games\terraria\tmodloader\modsources\terrariaoverhaul\tests\bin\debug\net8.0\tests.dll" id="b9dcc5a5-2df1-32b2-c408-0f4431084347">
      <Execution id="fcce637c-2052-47d5-8145-220f350b7b4d" />
      <TestMethod codeBase="C:\Users\david\Documents\My Games\Terraria\tModLoader\ModSources\TerrariaOverhaul\Tests\bin\Debug\net8.0\Tests.dll" adapterTypeName="executor://xunit/VsTestRunner2/netcoreapp" className="Tests.CounterTests" name="Counter_InitialState_ShouldBeInactive" />
    </UnitTest>
    <UnitTest name="Tests.GameTimerConceptTests.GameTimer_ConceptualBehavior_ProgressCalculation" storage="c:\users\david\documents\my games\terraria\tmodloader\modsources\terrariaoverhaul\tests\bin\debug\net8.0\tests.dll" id="00ff4663-1c7f-9214-1417-9111f0b1f495">
      <Execution id="0a4c86e3-392a-42e6-8622-b1a672c88d1f" />
      <TestMethod codeBase="C:\Users\david\Documents\My Games\Terraria\tModLoader\ModSources\TerrariaOverhaul\Tests\bin\Debug\net8.0\Tests.dll" adapterTypeName="executor://xunit/VsTestRunner2/netcoreapp" className="Tests.GameTimerConceptTests" name="GameTimer_ConceptualBehavior_ProgressCalculation" />
    </UnitTest>
    <UnitTest name="Tests.SurfaceTests.Surface_DifferentSizes_ShouldAllocateCorrectArray(width: 100, height: 1)" storage="c:\users\david\documents\my games\terraria\tmodloader\modsources\terrariaoverhaul\tests\bin\debug\net8.0\tests.dll" id="5173d267-07b1-049b-e0c3-e63b11462752">
      <Execution id="e6a993bc-df17-4b70-bda0-725f569ed0c2" />
      <TestMethod codeBase="C:\Users\david\Documents\My Games\Terraria\tModLoader\ModSources\TerrariaOverhaul\Tests\bin\Debug\net8.0\Tests.dll" adapterTypeName="executor://xunit/VsTestRunner2/netcoreapp" className="Tests.SurfaceTests" name="Surface_DifferentSizes_ShouldAllocateCorrectArray" />
    </UnitTest>
    <UnitTest name="Tests.CoyoteTimeTests.CoyoteTime_DurationValues_ShouldBeValid(duration: 30)" storage="c:\users\david\documents\my games\terraria\tmodloader\modsources\terrariaoverhaul\tests\bin\debug\net8.0\tests.dll" id="bc4f71db-3014-0d72-27d8-0672edcb77c5">
      <Execution id="0cb5b3b0-1e90-4520-87bc-7330efa7f421" />
      <TestMethod codeBase="C:\Users\david\Documents\My Games\Terraria\tModLoader\ModSources\TerrariaOverhaul\Tests\bin\Debug\net8.0\Tests.dll" adapterTypeName="executor://xunit/VsTestRunner2/netcoreapp" className="Tests.CoyoteTimeTests" name="CoyoteTime_DurationValues_ShouldBeValid" />
    </UnitTest>
    <UnitTest name="Tests.SurfaceTests.Surface_Indexer_ShouldAccessCorrectElement" storage="c:\users\david\documents\my games\terraria\tmodloader\modsources\terrariaoverhaul\tests\bin\debug\net8.0\tests.dll" id="6a4a8d18-4a73-85f9-864b-2fa3db0cb0a4">
      <Execution id="cb2bae4a-257a-4df7-979c-7507a68203f3" />
      <TestMethod codeBase="C:\Users\david\Documents\My Games\Terraria\tModLoader\ModSources\TerrariaOverhaul\Tests\bin\Debug\net8.0\Tests.dll" adapterTypeName="executor://xunit/VsTestRunner2/netcoreapp" className="Tests.SurfaceTests" name="Surface_Indexer_ShouldAccessCorrectElement" />
    </UnitTest>
    <UnitTest name="Tests.GameTimerConceptTests.GameTimer_ConceptualBehavior_TimeProgression(initial: 100, passed: 150, expected: 0)" storage="c:\users\david\documents\my games\terraria\tmodloader\modsources\terrariaoverhaul\tests\bin\debug\net8.0\tests.dll" id="422ae13c-05df-d14e-f428-7ef7b3d950a3">
      <Execution id="a831aa07-bd46-43a2-8678-4952c915c11f" />
      <TestMethod codeBase="C:\Users\david\Documents\My Games\Terraria\tModLoader\ModSources\TerrariaOverhaul\Tests\bin\Debug\net8.0\Tests.dll" adapterTypeName="executor://xunit/VsTestRunner2/netcoreapp" className="Tests.GameTimerConceptTests" name="GameTimer_ConceptualBehavior_TimeProgression" />
    </UnitTest>
    <UnitTest name="Tests.CounterTests.Counter_RAII_Pattern_ShouldWorkCorrectly" storage="c:\users\david\documents\my games\terraria\tmodloader\modsources\terrariaoverhaul\tests\bin\debug\net8.0\tests.dll" id="997bb039-b71b-8d15-f10e-e0877eb9f2a2">
      <Execution id="c6da31cd-2033-4433-b39c-b1d378cf6f04" />
      <TestMethod codeBase="C:\Users\david\Documents\My Games\Terraria\tModLoader\ModSources\TerrariaOverhaul\Tests\bin\Debug\net8.0\Tests.dll" adapterTypeName="executor://xunit/VsTestRunner2/netcoreapp" className="Tests.CounterTests" name="Counter_RAII_Pattern_ShouldWorkCorrectly" />
    </UnitTest>
    <UnitTest name="Tests.CommonStatModifiersTests.CommonStatModifiers_DefaultValues_ShouldBeOne" storage="c:\users\david\documents\my games\terraria\tmodloader\modsources\terrariaoverhaul\tests\bin\debug\net8.0\tests.dll" id="adb1befc-539f-ff62-ca4e-7665b6005451">
      <Execution id="dcb4764e-e45d-4b3c-9861-f2294980cd21" />
      <TestMethod codeBase="C:\Users\david\Documents\My Games\Terraria\tModLoader\ModSources\TerrariaOverhaul\Tests\bin\Debug\net8.0\Tests.dll" adapterTypeName="executor://xunit/VsTestRunner2/netcoreapp" className="Tests.CommonStatModifiersTests" name="CommonStatModifiers_DefaultValues_ShouldBeOne" />
    </UnitTest>
    <UnitTest name="Tests.CommonStatModifiersTests.CommonStatModifiers_Lerp_DifferentSteps_ShouldProduceCorrectResults(step: 0,5, expected: 1,5)" storage="c:\users\david\documents\my games\terraria\tmodloader\modsources\terrariaoverhaul\tests\bin\debug\net8.0\tests.dll" id="bec7387c-e145-bd1e-1e17-e0609a694c09">
      <Execution id="edad46c2-2d19-435d-b832-39ebe7da5cac" />
      <TestMethod codeBase="C:\Users\david\Documents\My Games\Terraria\tModLoader\ModSources\TerrariaOverhaul\Tests\bin\Debug\net8.0\Tests.dll" adapterTypeName="executor://xunit/VsTestRunner2/netcoreapp" className="Tests.CommonStatModifiersTests" name="CommonStatModifiers_Lerp_DifferentSteps_ShouldProduceCorrectResults" />
    </UnitTest>
    <UnitTest name="Tests.SurfaceTests.Surface_DifferentSizes_ShouldAllocateCorrectArray(width: 1, height: 100)" storage="c:\users\david\documents\my games\terraria\tmodloader\modsources\terrariaoverhaul\tests\bin\debug\net8.0\tests.dll" id="f42aba9b-7bec-053b-a4ed-307f5cd108c5">
      <Execution id="7a62c8ac-b8ed-406e-806e-1fab2a2f0167" />
      <TestMethod codeBase="C:\Users\david\Documents\My Games\Terraria\tModLoader\ModSources\TerrariaOverhaul\Tests\bin\Debug\net8.0\Tests.dll" adapterTypeName="executor://xunit/VsTestRunner2/netcoreapp" className="Tests.SurfaceTests" name="Surface_DifferentSizes_ShouldAllocateCorrectArray" />
    </UnitTest>
    <UnitTest name="Tests.SurfaceTests.Surface_Index_ShouldCalculateCorrectly" storage="c:\users\david\documents\my games\terraria\tmodloader\modsources\terrariaoverhaul\tests\bin\debug\net8.0\tests.dll" id="fb79b029-1ec3-46aa-46cd-98336c46077c">
      <Execution id="3117e711-1966-4a78-9cee-ff1c47a25549" />
      <TestMethod codeBase="C:\Users\david\Documents\My Games\Terraria\tModLoader\ModSources\TerrariaOverhaul\Tests\bin\Debug\net8.0\Tests.dll" adapterTypeName="executor://xunit/VsTestRunner2/netcoreapp" className="Tests.SurfaceTests" name="Surface_Index_ShouldCalculateCorrectly" />
    </UnitTest>
    <UnitTest name="Tests.GameTimerConceptTests.GameTimer_ConceptualBehavior_TimeProgression(initial: 100, passed: 50, expected: 50)" storage="c:\users\david\documents\my games\terraria\tmodloader\modsources\terrariaoverhaul\tests\bin\debug\net8.0\tests.dll" id="bb06827a-8e37-093e-31c9-63de732bc35a">
      <Execution id="722de437-9f0f-407c-aa9f-7c94ea564e8c" />
      <TestMethod codeBase="C:\Users\david\Documents\My Games\Terraria\tModLoader\ModSources\TerrariaOverhaul\Tests\bin\Debug\net8.0\Tests.dll" adapterTypeName="executor://xunit/VsTestRunner2/netcoreapp" className="Tests.GameTimerConceptTests" name="GameTimer_ConceptualBehavior_TimeProgression" />
    </UnitTest>
  </TestDefinitions>
  <TestEntries>
    <TestEntry testId="5173d267-07b1-049b-e0c3-e63b11462752" executionId="e6a993bc-df17-4b70-bda0-725f569ed0c2" testListId="8c84fa94-04c1-424b-9868-57a2d4851a1d" />
    <TestEntry testId="8baa6b74-d47c-0095-ba78-0f8d31580cc0" executionId="5bdd6bf5-b3d8-4636-b273-259988ff2d15" testListId="8c84fa94-04c1-424b-9868-57a2d4851a1d" />
    <TestEntry testId="997bb039-b71b-8d15-f10e-e0877eb9f2a2" executionId="c6da31cd-2033-4433-b39c-b1d378cf6f04" testListId="8c84fa94-04c1-424b-9868-57a2d4851a1d" />
    <TestEntry testId="4737743f-b4ec-4f0f-3a5b-135a62b37d01" executionId="a5202b37-4b69-4280-bfe1-a5de75d2296c" testListId="8c84fa94-04c1-424b-9868-57a2d4851a1d" />
    <TestEntry testId="b9dcc5a5-2df1-32b2-c408-0f4431084347" executionId="fcce637c-2052-47d5-8145-220f350b7b4d" testListId="8c84fa94-04c1-424b-9868-57a2d4851a1d" />
    <TestEntry testId="f42aba9b-7bec-053b-a4ed-307f5cd108c5" executionId="7a62c8ac-b8ed-406e-806e-1fab2a2f0167" testListId="8c84fa94-04c1-424b-9868-57a2d4851a1d" />
    <TestEntry testId="d2eb1885-8664-7f9b-99c4-b651072d9a7e" executionId="a6364491-ebe6-430b-8861-111aacaee65a" testListId="8c84fa94-04c1-424b-9868-57a2d4851a1d" />
    <TestEntry testId="b8b84fe5-64c6-906c-e1e8-9f0f3f049013" executionId="03722977-d5ee-4648-8ab4-e6e3672f0c8e" testListId="8c84fa94-04c1-424b-9868-57a2d4851a1d" />
    <TestEntry testId="dcc00863-5410-7280-cde1-5522ff2b485b" executionId="761ef664-d0e0-44f2-97e7-5d0cd29dee86" testListId="8c84fa94-04c1-424b-9868-57a2d4851a1d" />
    <TestEntry testId="422ae13c-05df-d14e-f428-7ef7b3d950a3" executionId="a831aa07-bd46-43a2-8678-4952c915c11f" testListId="8c84fa94-04c1-424b-9868-57a2d4851a1d" />
    <TestEntry testId="dc54538b-d921-6159-86f6-2446950fc101" executionId="20e227a6-4bb8-474c-bff1-24dc98b196d4" testListId="8c84fa94-04c1-424b-9868-57a2d4851a1d" />
    <TestEntry testId="d9dd5cb3-f329-676b-46a2-1ec589c8203c" executionId="570dc1b9-f3a9-4fcf-a458-df41e194ee2e" testListId="8c84fa94-04c1-424b-9868-57a2d4851a1d" />
    <TestEntry testId="57bb2362-de5b-4457-d41e-91f1806a36b3" executionId="77ba5f36-274e-4ade-9b7e-e4e79525e583" testListId="8c84fa94-04c1-424b-9868-57a2d4851a1d" />
    <TestEntry testId="bec7387c-e145-bd1e-1e17-e0609a694c09" executionId="edad46c2-2d19-435d-b832-39ebe7da5cac" testListId="8c84fa94-04c1-424b-9868-57a2d4851a1d" />
    <TestEntry testId="b5325528-ac39-dd29-e40e-98b024782823" executionId="dcb5c4a4-7e50-4b17-a26a-ca8eb107d5c8" testListId="8c84fa94-04c1-424b-9868-57a2d4851a1d" />
    <TestEntry testId="9d2feeae-ff6b-4f12-5135-795cd1243b77" executionId="6959d54f-5e7d-413e-95e8-105f0b4002e1" testListId="8c84fa94-04c1-424b-9868-57a2d4851a1d" />
    <TestEntry testId="be33cef0-fafa-559c-0b27-572bc35a31c0" executionId="c1c8932a-61e4-4409-aef0-b5be545d9d13" testListId="8c84fa94-04c1-424b-9868-57a2d4851a1d" />
    <TestEntry testId="0f8cb0b0-ca27-9db0-bf82-f35192d2d6a8" executionId="05fb2795-24fb-4ee1-b29d-24a9df3bc254" testListId="8c84fa94-04c1-424b-9868-57a2d4851a1d" />
    <TestEntry testId="e670aa98-ae70-a284-f1ea-9c3941ea6304" executionId="4475f109-3efd-4243-9f28-807dc24ee070" testListId="8c84fa94-04c1-424b-9868-57a2d4851a1d" />
    <TestEntry testId="7458a0d3-eee8-e0bd-d56c-5f91bf8b69c4" executionId="865beabe-8967-416c-b5e9-1eef3e44fee9" testListId="8c84fa94-04c1-424b-9868-57a2d4851a1d" />
    <TestEntry testId="eab93e1f-43df-84a3-0a6e-2bf665ff16ef" executionId="fe5c0f13-d72a-4ce4-ae16-fca8fd8a96e3" testListId="8c84fa94-04c1-424b-9868-57a2d4851a1d" />
    <TestEntry testId="09652595-1b36-e978-57bc-1b2e0b22f843" executionId="979b098d-1a6b-4b1e-9daa-721c2db9b14f" testListId="8c84fa94-04c1-424b-9868-57a2d4851a1d" />
    <TestEntry testId="2d5c85e5-fd47-511d-4f4d-76c94f554ee3" executionId="3d6981a5-ac56-4f8a-84e0-bf4155677c0e" testListId="8c84fa94-04c1-424b-9868-57a2d4851a1d" />
    <TestEntry testId="bc4f71db-3014-0d72-27d8-0672edcb77c5" executionId="0cb5b3b0-1e90-4520-87bc-7330efa7f421" testListId="8c84fa94-04c1-424b-9868-57a2d4851a1d" />
    <TestEntry testId="fb79b029-1ec3-46aa-46cd-98336c46077c" executionId="3117e711-1966-4a78-9cee-ff1c47a25549" testListId="8c84fa94-04c1-424b-9868-57a2d4851a1d" />
    <TestEntry testId="bb06827a-8e37-093e-31c9-63de732bc35a" executionId="722de437-9f0f-407c-aa9f-7c94ea564e8c" testListId="8c84fa94-04c1-424b-9868-57a2d4851a1d" />
    <TestEntry testId="350914a2-6cb3-0df6-0f83-8378623e8cf6" executionId="227a6243-7eeb-4fc7-a18f-ba688fba82d0" testListId="8c84fa94-04c1-424b-9868-57a2d4851a1d" />
    <TestEntry testId="6a4a8d18-4a73-85f9-864b-2fa3db0cb0a4" executionId="cb2bae4a-257a-4df7-979c-7507a68203f3" testListId="8c84fa94-04c1-424b-9868-57a2d4851a1d" />
    <TestEntry testId="32488ca5-f38f-ca4b-0289-1e2d6186f8ba" executionId="ca097d66-f51f-4276-a890-931f0c2add82" testListId="8c84fa94-04c1-424b-9868-57a2d4851a1d" />
    <TestEntry testId="c7932a21-d27b-beeb-93b5-5c0879e57824" executionId="8488737a-2fc0-44a0-b301-97686269a571" testListId="8c84fa94-04c1-424b-9868-57a2d4851a1d" />
    <TestEntry testId="adb1befc-539f-ff62-ca4e-7665b6005451" executionId="dcb4764e-e45d-4b3c-9861-f2294980cd21" testListId="8c84fa94-04c1-424b-9868-57a2d4851a1d" />
    <TestEntry testId="a8b1403b-37af-a9b2-7f98-d4e01fddbf07" executionId="6011f65b-1070-4987-bcf8-f104fab6ba42" testListId="8c84fa94-04c1-424b-9868-57a2d4851a1d" />
    <TestEntry testId="00ff4663-1c7f-9214-1417-9111f0b1f495" executionId="0a4c86e3-392a-42e6-8622-b1a672c88d1f" testListId="8c84fa94-04c1-424b-9868-57a2d4851a1d" />
    <TestEntry testId="6cbe210a-8e33-6c31-3e4d-45b3f1f78563" executionId="d0207faf-3dee-488a-b773-942d3b06ec31" testListId="8c84fa94-04c1-424b-9868-57a2d4851a1d" />
    <TestEntry testId="28451cec-8fa3-c9d9-107a-4d347a86c9c3" executionId="fbd35026-dcd3-4136-b069-534cc9fa0b13" testListId="8c84fa94-04c1-424b-9868-57a2d4851a1d" />
  </TestEntries>
  <TestLists>
    <TestList name="Results Not in a List" id="8c84fa94-04c1-424b-9868-57a2d4851a1d" />
    <TestList name="All Loaded Results" id="19431567-8539-422a-85d7-44ee4e166bda" />
  </TestLists>
  <ResultSummary outcome="Completed">
    <Counters total="35" executed="35" passed="35" failed="0" error="0" timeout="0" aborted="0" inconclusive="0" passedButRunAborted="0" notRunnable="0" notExecuted="0" disconnected="0" warning="0" completed="0" inProgress="0" pending="0" />
    <Output>
      <StdOut>[xUnit.net 00:00:00.00] xUnit.net VSTest Adapter v2.5.3.1+6b60a9e56a (64-bit .NET 8.0.20)&#xD;
[xUnit.net 00:00:00.11]   Discovering: Tests&#xD;
[xUnit.net 00:00:00.19]   Discovered:  Tests&#xD;
[xUnit.net 00:00:00.20]   Starting:    Tests&#xD;
[xUnit.net 00:00:00.47]   Finished:    Tests&#xD;
</StdOut>
    </Output>
  </ResultSummary>
</TestRun>